BSIM4: Berkeley Short Channel IGFET Model-4
Developed by Dr. Weidong Liu, Xiaodong Jin, Kanyu M. Cao and Prof. Chenming Hu in 2000.

++++++++++ BSIM4 PARAMETER CHECKING BELOW ++++++++++
Model = p1
