
Circuit: ibm 2

Error on line 5 : p1 2  v1  v2  v3  v4 cpl1
	model name is not found
