
Circuit: Multistage filter

                               Multistage filter
--------------------------------------------------------------------------------
Index   pole(1)                         pole(2)                         
--------------------------------------------------------------------------------
0	-5.000000e+10,	0.000000e+00	-8.000000e+08,	0.000000e+00	

                               Multistage filter
--------------------------------------------------------------------------------
Index   pole(3)                         
--------------------------------------------------------------------------------
0	-1.000000e+08,	0.000000e+00	




