
Circuit: RC filter

Circuit: RC filter


                                   RC filter
--------------------------------------------------------------------------------
Index   all                             
--------------------------------------------------------------------------------
0	-1.000000e+08,	0.000000e+00	




