
Circuit: BRIDGE-T FILTER

Circuit: BRIDGE-T FILTER

